// Jest Snapshot v1, https://goo.gl/fbAQLP

exports[`<DocEndpoint /> should render 1`] = `
<div>
  <div
    class="flex items-center"
  >
    <p
      class="mr-3 rounded-sm bg-green-500 p-1 text-white"
    >
      <svg
        class="tabler-icon tabler-icon-api "
        fill="none"
        height="24"
        stroke="currentColor"
        stroke-linecap="round"
        stroke-linejoin="round"
        stroke-width="2"
        viewBox="0 0 24 24"
        width="24"
        xmlns="http://www.w3.org/2000/svg"
      >
        <path
          d="M4 13h5"
        />
        <path
          d="M12 16v-8h3a2 2 0 0 1 2 2v1a2 2 0 0 1 -2 2h-3"
        />
        <path
          d="M20 8v8"
        />
        <path
          d="M9 16v-5.5a2.5 2.5 0 0 0 -5 0v5.5"
        />
      </svg>
    </p>
    <a
      class="
                  mr-3 overflow-hidden text-ellipsis text-sm font-bold
                  text-gray-400
                "
      href="API_URL/dc/DOC_ID"
      target="_blank"
    >
      API_URL/dc/DOC_ID
    </a>
    <button
      aria-label="Copy endpoint URL"
      class="inline-flex items-center justify-center whitespace-nowrap font-medium transition-colors dark:focus-visible:ring-gray-300 disabled:pointer-events-none disabled:opacity-50 focus-visible:outline-none focus-visible:ring-1 focus-visible:ring-gray-950 dark:hover:bg-gray-800 dark:hover:text-gray-50 hover:bg-gray-100 hover:text-gray-900 h-8 rounded-md px-3 text-xs text-gray-600"
      data-state="closed"
      role="button"
    >
      <svg
        class="tabler-icon tabler-icon-clipboard-copy "
        fill="none"
        height="24"
        stroke="currentColor"
        stroke-linecap="round"
        stroke-linejoin="round"
        stroke-width="2"
        viewBox="0 0 24 24"
        width="24"
        xmlns="http://www.w3.org/2000/svg"
      >
        <path
          d="M9 5h-2a2 2 0 0 0 -2 2v12a2 2 0 0 0 2 2h3m9 -9v-5a2 2 0 0 0 -2 -2h-2"
        />
        <path
          d="M13 17v-1a1 1 0 0 1 1 -1h1m3 0h1a1 1 0 0 1 1 1v1m0 3v1a1 1 0 0 1 -1 1h-1m-3 0h-1a1 1 0 0 1 -1 -1v-1"
        />
        <path
          d="M9 3m0 2a2 2 0 0 1 2 -2h2a2 2 0 0 1 2 2v0a2 2 0 0 1 -2 2h-2a2 2 0 0 1 -2 -2z"
        />
      </svg>
    </button>
  </div>
</div>
`;
